<ul>
  <li>
    <h2>
      <a
        href="test/fixtures/dashes-in-folder-name/modules/another-test-link/index.html"
        >Another test link</a
      >
    </h2>
  </li>
  <li>
    <h2>Test link</h2>
    <ul>
      <li>
        <h3>
          <a
            href="test/fixtures/dashes-in-folder-name/modules/test-link/nested_test_link/index.html"
            >Nested test link</a
          >
        </h3>
      </li>
    </ul>
  </li>
</ul>
