<ul>
  <li>
    <h2>
      <a
        href="test/fixtures/module_directory_option/components/another_test_link/index.html"
        >Another test link</a
      >
    </h2>
  </li>
  <li>
    <h2>Test link</h2>
    <ul>
      <li>
        <h3>
          <a
            href="test/fixtures/module_directory_option/components/test_link/nested_test_link/index.html"
            >Nested test link</a
          >
        </h3>
      </li>
    </ul>
  </li>
</ul>
