<ul>
  <li>
    <h2>
      <a href="test/fixtures/use_filename_as_title_option/modules/test-1.html"
        >Test 1</a
      >
    </h2>
  </li>
  <li>
    <h2>Unit 1</h2>
    <ul>
      <li>
        <h3>
          <a
            href="test/fixtures/use_filename_as_title_option/modules/unit-1/test-1.html"
            >Test 1</a
          >
        </h3>
      </li>
      <li>
        <h3>
          <a
            href="test/fixtures/use_filename_as_title_option/modules/unit-1/test-2.html"
            >Test 2</a
          >
        </h3>
      </li>
    </ul>
  </li>
  <li>
    <h2>Unit 2</h2>
    <ul>
      <li>
        <h3>Sub unit 1</h3>
        <ul>
          <li>
            <h4>Sub sub unit 1</h4>
            <ul>
              <li>
                <h5>
                  <a
                    href="test/fixtures/use_filename_as_title_option/modules/unit-2/sub-unit-1/sub-sub-unit-1/test-1.html"
                    >Test 1</a
                  >
                </h5>
              </li>
            </ul>
          </li>
          <li>
            <h4>
              <a
                href="test/fixtures/use_filename_as_title_option/modules/unit-2/sub-unit-1/test-1.html"
                >Test 1</a
              >
            </h4>
          </li>
          <li>
            <h4>
              <a
                href="test/fixtures/use_filename_as_title_option/modules/unit-2/sub-unit-1/test-2.html"
                >Test 2</a
              >
            </h4>
          </li>
        </ul>
      </li>
      <li>
        <h3>
          <a
            href="test/fixtures/use_filename_as_title_option/modules/unit-2/test-1.html"
            >Test 1</a
          >
        </h3>
      </li>
    </ul>
  </li>
</ul>
