<ul>
  <li>
    <h2>
      <a href="test/fixtures/json_data/modules/another_test_link/index.html"
        >Data title</a
      >
    </h2>
    <p>This is a folder that contains some json data for the folder location</p>
  </li>
  <li>
    <h2>Test link data title</h2>
    <p>
      This is a folder that does not contain an html file but does contain a
      json file
    </p>
    <ul>
      <li>
        <h2>
          <a
            href="test/fixtures/json_data/modules/test_link/nested_test_link/index.html"
            >Nested test link</a
          >
        </h2>
      </li>
    </ul>
  </li>
</ul>
