<ul>
  <li>
    <h2>
      <a
        href="test/fixtures/json_data_extra/modules/crazy_nested_one/index.html"
        >Crazy nested one</a
      >
    </h2>
  </li>
  <li>
    <h2>
      <a
        href="test/fixtures/json_data_extra/modules/crazy_nested_three/index.html"
        >Crazy nested three</a
      >
    </h2>
    <ul>
      <li>
        <h2>
          <a
            href="test/fixtures/json_data_extra/modules/crazy_nested_three/nested_level_one/index.html"
            >Nested level one</a
          >
        </h2>
      </li>
      <li>
        <h2>
          <a
            href="test/fixtures/json_data_extra/modules/crazy_nested_three/nested_level_one_b/index.html"
            >Nested level one b</a
          >
        </h2>
        <ul>
          <li>
            <h2>A fancier title</h2>
            <p>A fancy description.</p>
            <ul>
              <li>test text</li>
              <li>test text 2</li>
            </ul>
            <ul>
              <li>
                <h2>Nested level three</h2>
                <ul>
                  <li>
                    <h2>
                      <a
                        href="test/fixtures/json_data_extra/modules/crazy_nested_three/nested_level_one_b/nested_level_two/nested_level_three/nested_level_four/index.html"
                        >Nested level four</a
                      >
                    </h2>
                  </li>
                  <li>
                    <h2>
                      <a
                        href="test/fixtures/json_data_extra/modules/crazy_nested_three/nested_level_one_b/nested_level_two/nested_level_three/nested_level_four_b/index.html"
                        >Nested level four b</a
                      >
                    </h2>
                  </li>
                  <li>
                    <h2>
                      <a
                        href="test/fixtures/json_data_extra/modules/crazy_nested_three/nested_level_one_b/nested_level_two/nested_level_three/nested_level_four_c/index.html"
                        >Nested level four c</a
                      >
                    </h2>
                  </li>
                </ul>
              </li>
            </ul>
          </li>
        </ul>
      </li>
    </ul>
  </li>
  <li>
    <h2>
      <a
        href="test/fixtures/json_data_extra/modules/crazy_nested_two/index.html"
        >Crazy nested two</a
      >
    </h2>
    <ul>
      <li>
        <h2>Nested level one</h2>
        <ul>
          <li>
            <h2>Nested level two</h2>
            <ul>
              <li>
                <h2>
                  <a
                    href="test/fixtures/json_data_extra/modules/crazy_nested_two/nested_level_one/nested_level_two/nested_level_three/index.html"
                    >Nested level three</a
                  >
                </h2>
              </li>
            </ul>
          </li>
        </ul>
      </li>
    </ul>
  </li>
</ul>
